
> nextjs@0.1.0 build
> next build

   Ôû▓ Next.js 16.0.10 (Turbopack)
   - Environments: .env

   Creating an optimized production build ...
 Ô£ô Compiled successfully in 14.2s
   Running TypeScript ...
